// Jest Snapshot v1, https://goo.gl/fbAQLP

exports[`kosko generate --prod 1`] = `
"---
metadata:
  annotations:
    app.gitlab.com/app: socialgouv-work-in-france
    app.gitlab.com/env: prod2
    app.gitlab.com/env.name: prod2
  labels:
    app: app
    application: work-in-france
    owner: work-in-france
    team: work-in-france
    component: nginx
  name: app
  namespace: work-in-france
spec:
  replicas: 1
  selector:
    matchLabels:
      app: app
  template:
    metadata:
      annotations:
        app.gitlab.com/app: socialgouv-work-in-france
        app.gitlab.com/env: prod2
        app.gitlab.com/env.name: prod2
      labels:
        app: app
        application: work-in-france
        owner: work-in-france
        team: work-in-france
        component: nginx
    spec:
      containers:
        - image: >-
            registry.gitlab.factory.social.gouv.fr/socialgouv/work-in-france/app:0123456789abcdefghijklmnopqrstuvwxyz0123
          livenessProbe:
            failureThreshold: 6
            httpGet:
              path: /index.html
              port: http
            initialDelaySeconds: 30
            periodSeconds: 5
            timeoutSeconds: 5
          name: app
          ports:
            - containerPort: 80
              name: http
          readinessProbe:
            failureThreshold: 15
            httpGet:
              path: /index.html
              port: http
            initialDelaySeconds: 0
            periodSeconds: 5
            successThreshold: 1
            timeoutSeconds: 1
          resources:
            limits:
              cpu: 500m
              memory: 128Mi
            requests:
              cpu: 5m
              memory: 32Mi
          startupProbe:
            failureThreshold: 12
            httpGet:
              path: /index.html
              port: http
            periodSeconds: 5
          envFrom:
            - configMapRef:
                name: app-configmap
apiVersion: apps/v1
kind: Deployment
---
metadata:
  name: app-configmap
  annotations:
    app.gitlab.com/app: socialgouv-work-in-france
    app.gitlab.com/env: prod2
    app.gitlab.com/env.name: prod2
  labels:
    application: work-in-france
    owner: work-in-france
    team: work-in-france
  namespace: work-in-france
data:
  BACKOFFICE_API_URL: 'https://work-in-france-backoffice.fabrique.social.gouv.fr'
  DS_AGGREGATOR_API_URL: 'https://wif.ds-aggregator.fabrique.social.gouv.fr'
apiVersion: v1
kind: ConfigMap
---
metadata:
  labels:
    app: app
    application: work-in-france
    owner: work-in-france
    team: work-in-france
  name: app
  annotations:
    app.gitlab.com/app: socialgouv-work-in-france
    app.gitlab.com/env: prod2
    app.gitlab.com/env.name: prod2
  namespace: work-in-france
spec:
  ports:
    - name: http
      port: 80
      targetPort: 80
  selector:
    app: app
  type: ClusterIP
apiVersion: v1
kind: Service
---
metadata:
  annotations:
    kubernetes.io/ingress.class: nginx
    certmanager.k8s.io/cluster-issuer: letsencrypt-prod
    kubernetes.io/tls-acme: 'true'
    app.gitlab.com/app: socialgouv-work-in-france
    app.gitlab.com/env: prod2
    app.gitlab.com/env.name: prod2
  labels:
    app: app
    application: work-in-france
    owner: work-in-france
    team: work-in-france
  name: app
  namespace: work-in-france
spec:
  rules:
    - host: work-in-france.fabrique.social.gouv.fr
      http:
        paths:
          - backend:
              serviceName: app
              servicePort: 80
            path: /
  tls:
    - hosts:
        - work-in-france.fabrique.social.gouv.fr
      secretName: app-crt
apiVersion: extensions/v1beta1
kind: Ingress
"
`;
