// Jest Snapshot v1, https://goo.gl/fbAQLP

exports[`kosko generate --preprod 1`] = `
"---
metadata:
  annotations:
    field.cattle.io/creatorId: gitlab
    field.cattle.io/projectId: 'c-bd7z2:p-2qlgk'
    git/branch: v1.2.3
    git/remote: >-
      https://gitlab-ci-token:[MASKED]@gitlab.factory.social.gouv.fr/SocialGouv/work-in-france.git
    app.gitlab.com/app: socialgouv-work-in-france
    app.gitlab.com/env: preprod-dev2
    app.gitlab.com/env.name: preprod-dev2
  labels:
    application: v1-2-3-work-in-france
    owner: work-in-france
    team: work-in-france
    cert: wildcard
  name: work-in-france-50-preprod-dev2
apiVersion: v1
kind: Namespace
---
metadata:
  annotations:
    app.gitlab.com/app: socialgouv-work-in-france
    app.gitlab.com/env: preprod-dev2
    app.gitlab.com/env.name: preprod-dev2
  labels:
    app: app
    application: v1-2-3-work-in-france
    owner: work-in-france
    team: work-in-france
    cert: wildcard
    component: nginx
  name: app
  namespace: work-in-france-50-preprod-dev2
spec:
  replicas: 1
  selector:
    matchLabels:
      app: app
  template:
    metadata:
      annotations:
        app.gitlab.com/app: socialgouv-work-in-france
        app.gitlab.com/env: preprod-dev2
        app.gitlab.com/env.name: preprod-dev2
      labels:
        app: app
        application: v1-2-3-work-in-france
        owner: work-in-france
        team: work-in-france
        cert: wildcard
        component: nginx
    spec:
      containers:
        - image: >-
            registry.gitlab.factory.social.gouv.fr/socialgouv/work-in-france/app:1.2.3
          livenessProbe:
            failureThreshold: 6
            httpGet:
              path: /index.html
              port: http
            initialDelaySeconds: 30
            periodSeconds: 5
            timeoutSeconds: 5
          name: app
          ports:
            - containerPort: 80
              name: http
          readinessProbe:
            failureThreshold: 15
            httpGet:
              path: /index.html
              port: http
            initialDelaySeconds: 0
            periodSeconds: 5
            successThreshold: 1
            timeoutSeconds: 1
          resources:
            limits:
              cpu: 500m
              memory: 128Mi
            requests:
              cpu: 5m
              memory: 32Mi
          startupProbe:
            failureThreshold: 12
            httpGet:
              path: /index.html
              port: http
            periodSeconds: 5
          envFrom:
            - configMapRef:
                name: app-configmap
apiVersion: apps/v1
kind: Deployment
---
metadata:
  name: app-configmap
  annotations:
    app.gitlab.com/app: socialgouv-work-in-france
    app.gitlab.com/env: preprod-dev2
    app.gitlab.com/env.name: preprod-dev2
  labels:
    application: v1-2-3-work-in-france
    owner: work-in-france
    team: work-in-france
    cert: wildcard
  namespace: work-in-france-50-preprod-dev2
data:
  BACKOFFICE_API_URL: 'https://work-in-france-backoffice.fabrique.social.gouv.fr'
  DS_AGGREGATOR_API_URL: 'https://wif.ds-aggregator.fabrique.social.gouv.fr'
apiVersion: v1
kind: ConfigMap
---
metadata:
  labels:
    app: app
    application: v1-2-3-work-in-france
    owner: work-in-france
    team: work-in-france
    cert: wildcard
  name: app
  annotations:
    app.gitlab.com/app: socialgouv-work-in-france
    app.gitlab.com/env: preprod-dev2
    app.gitlab.com/env.name: preprod-dev2
  namespace: work-in-france-50-preprod-dev2
spec:
  ports:
    - name: http
      port: 80
      targetPort: 80
  selector:
    app: app
  type: ClusterIP
apiVersion: v1
kind: Service
---
metadata:
  annotations:
    kubernetes.io/ingress.class: nginx
    app.gitlab.com/app: socialgouv-work-in-france
    app.gitlab.com/env: preprod-dev2
    app.gitlab.com/env.name: preprod-dev2
  labels:
    app: app
    application: v1-2-3-work-in-france
    owner: work-in-france
    team: work-in-france
    cert: wildcard
  name: app
  namespace: work-in-france-50-preprod-dev2
spec:
  rules:
    - host: preprod-work-in-france.dev2.fabrique.social.gouv.fr
      http:
        paths:
          - backend:
              serviceName: app
              servicePort: 80
            path: /
  tls:
    - hosts:
        - preprod-work-in-france.dev2.fabrique.social.gouv.fr
      secretName: wildcard-crt
apiVersion: extensions/v1beta1
kind: Ingress
"
`;
