// Jest Snapshot v1, https://goo.gl/fbAQLP

exports[`kosko generate --dev 1`] = `
"---
metadata:
  annotations:
    field.cattle.io/creatorId: gitlab
    field.cattle.io/projectId: 'c-bd7z2:p-2qlgk'
    git/branch: master
    git/remote: >-
      https://gitlab-ci-token:[MASKED]@gitlab.factory.social.gouv.fr/SocialGouv/work-in-france.git
    app.gitlab.com/app: socialgouv-work-in-france
    app.gitlab.com/env: master-dev2
    app.gitlab.com/env.name: master-dev2
  labels:
    application: master-dev2-work-in-france
    owner: work-in-france
    team: work-in-france
    cert: wildcard
  name: work-in-france-50-master-dev2
apiVersion: v1
kind: Namespace
---
metadata:
  annotations:
    app.gitlab.com/app: socialgouv-work-in-france
    app.gitlab.com/env: master-dev2
    app.gitlab.com/env.name: master-dev2
  labels:
    app: www
    application: master-dev2-work-in-france
    owner: work-in-france
    team: work-in-france
    cert: wildcard
    component: nginx
  name: www
  namespace: work-in-france-50-master-dev2
spec:
  replicas: 1
  selector:
    matchLabels:
      app: www
  template:
    metadata:
      annotations:
        app.gitlab.com/app: socialgouv-work-in-france
        app.gitlab.com/env: master-dev2
        app.gitlab.com/env.name: master-dev2
      labels:
        app: www
        application: master-dev2-work-in-france
        owner: work-in-france
        team: work-in-france
        cert: wildcard
        component: nginx
    spec:
      containers:
        - image: >-
            registry.gitlab.factory.social.gouv.fr/socialgouv/work-in-france/www:0123456789abcdefghijklmnopqrstuvwxyz0123
          livenessProbe:
            failureThreshold: 6
            httpGet:
              path: /index.html
              port: http
            initialDelaySeconds: 30
            periodSeconds: 5
            timeoutSeconds: 5
          name: www
          ports:
            - containerPort: 80
              name: http
          readinessProbe:
            failureThreshold: 15
            httpGet:
              path: /index.html
              port: http
            initialDelaySeconds: 0
            periodSeconds: 5
            successThreshold: 1
            timeoutSeconds: 1
          resources:
            limits:
              cpu: 500m
              memory: 128Mi
            requests:
              cpu: 5m
              memory: 32Mi
          startupProbe:
            failureThreshold: 12
            httpGet:
              path: /index.html
              port: http
            periodSeconds: 5
apiVersion: apps/v1
kind: Deployment
---
metadata:
  labels:
    app: www
    application: master-dev2-work-in-france
    owner: work-in-france
    team: work-in-france
    cert: wildcard
  name: www
  annotations:
    app.gitlab.com/app: socialgouv-work-in-france
    app.gitlab.com/env: master-dev2
    app.gitlab.com/env.name: master-dev2
  namespace: work-in-france-50-master-dev2
spec:
  ports:
    - name: http
      port: 80
      targetPort: 80
  selector:
    app: www
  type: ClusterIP
apiVersion: v1
kind: Service
---
metadata:
  annotations:
    kubernetes.io/ingress.class: nginx
    app.gitlab.com/app: socialgouv-work-in-france
    app.gitlab.com/env: master-dev2
    app.gitlab.com/env.name: master-dev2
  labels:
    app: www
    application: master-dev2-work-in-france
    owner: work-in-france
    team: work-in-france
    cert: wildcard
  name: www
  namespace: work-in-france-50-master-dev2
spec:
  rules:
    - host: master-dev2-work-in-france.dev2.fabrique.social.gouv.fr
      http:
        paths:
          - backend:
              serviceName: www
              servicePort: 80
            path: /
  tls:
    - hosts:
        - master-dev2-work-in-france.dev2.fabrique.social.gouv.fr
      secretName: wildcard-crt
apiVersion: extensions/v1beta1
kind: Ingress
"
`;
